error: method name conflicts with generated fn `WorldClient::new`
 --> $DIR/tarpc_service_fn_new.rs:6:14
  |
6 |     async fn new();
  |              ^^^
